// Jest Snapshot v1, https://goo.gl/fbAQLP

exports[`Accordion Component renders the no sections by default 1`] = `
<ul>
  <li
    key="0"
  >
    <button
      onClick={[Function]}
    >
      Section 1
    </button>
  </li>
  <li
    key="1"
  >
    <button
      onClick={[Function]}
    >
      Section 2
    </button>
  </li>
  <li
    key="2"
  >
    <button
      onClick={[Function]}
    >
      Section 3
    </button>
  </li>
  <p>
    Lorem ipsum dolor sit amet consectetur adipisicing elit.
  </p>
</ul>
`;
